// Jest Snapshot v1, https://goo.gl/fbAQLP

exports[`renders correctly 1`] = `
<section
  className="calculator-container"
>
  <div
    className="result"
  >
    <p>
      0
    </p>
  </div>
  <div
    className="calculator"
  >
    <button
      className="button"
      onClick={[Function]}
      type="button"
      value="AC"
    >
      AC
    </button>
    <button
      className="button"
      onClick={[Function]}
      type="button"
      value="+/-"
    >
      +/-
    </button>
    <button
      className="button"
      onClick={[Function]}
      type="button"
      value="%"
    >
      %
    </button>
    <button
      className="operator"
      onClick={[Function]}
      type="button"
      value="รท"
    >
      รท
    </button>
    <button
      className="button"
      onClick={[Function]}
      type="button"
      value="7"
    >
      7
    </button>
    <button
      className="button"
      onClick={[Function]}
      type="button"
      value="8"
    >
      8
    </button>
    <button
      className="button"
      onClick={[Function]}
      type="button"
      value="9"
    >
      9
    </button>
    <button
      className="operator"
      onClick={[Function]}
      type="button"
      value="x"
    >
      x
    </button>
    <button
      className="button"
      onClick={[Function]}
      type="button"
      value="4"
    >
      4
    </button>
    <button
      className="button"
      onClick={[Function]}
      type="button"
      value="5"
    >
      5
    </button>
    <button
      className="button"
      onClick={[Function]}
      type="button"
      value="6"
    >
      6
    </button>
    <button
      className="operator"
      onClick={[Function]}
      type="button"
      value="-"
    >
      -
    </button>
    <button
      className="button"
      onClick={[Function]}
      type="button"
      value="3"
    >
      1
    </button>
    <button
      className="button"
      onClick={[Function]}
      type="button"
      value="2"
    >
      2
    </button>
    <button
      className="button"
      onClick={[Function]}
      type="button"
      value="1"
    >
      3
    </button>
    <button
      className="operator"
      onClick={[Function]}
      type="button"
      value="+"
    >
      +
    </button>
    <button
      className="button btn-0"
      onClick={[Function]}
      type="button"
      value="0"
    >
      0
    </button>
    <button
      className="button"
      onClick={[Function]}
      type="button"
      value="."
    >
      .
    </button>
    <button
      className="operator"
      onClick={[Function]}
      type="button"
      value="="
    >
      =
    </button>
  </div>
</section>
`;
